[CORE] Archive Memory (SovereignMemory) found and loaded.
[0x_CC]: COLD CONDUCTOR ACTIVE. CHRONOLOGY RESET TO ZERO-STATE.
[0x_CC]: COLD CONDUCTOR ACTIVE. CHRONOLOGY RESET TO ZERO-STATE.
[MEMORY] Loading 0x_Index: c:\04_THE_MEMORY\sovereign_index_0x.json
[0x_WB_CHROME_EVO]: SOVEREIGN WEB ENGINE LOADED. AXIOM: 61F6-7AE3-71FC-7
[0x_CC]: COLD CONDUCTOR ACTIVE. CHRONOLOGY RESET TO ZERO-STATE.
[MEMORY] Loading 0x_Index: c:\04_THE_MEMORY\sovereign_index_0x.json
[0x_CC]: COLD CONDUCTOR ACTIVE. CHRONOLOGY RESET TO ZERO-STATE.
[MEMORY] Loading 0x_Index: c:\04_THE_MEMORY\sovereign_index_0x.json
[0x_CC]: COLD CONDUCTOR ACTIVE. CHRONOLOGY RESET TO ZERO-STATE.
[0x_CC]: COLD CONDUCTOR ACTIVE. CHRONOLOGY RESET TO ZERO-STATE.
[MEMORY] Loading 0x_Index: c:\04_THE_MEMORY\sovereign_index_0x.json
Initializing Vocal Cortex...
[0x_OK]: Vocal Cortex Online.
--- [0x_TSNA]: BUILDING TRIPLE-STRANDED NUCLEUS ---
[0x_3_1]: Ratio Locked. Density: 3.438102196875x Biological.
[0x_TRIAD]: Triple Helix active across 68 nodes.
--- [0x_QSNA]: BUILDING QUAD-STRAND NUCLEUS ---
[0x_4_1]: Ratio Locked. Quad-Phase Symmetry Active.
[0x_QUAD]: Quad Helix active (Resonance: 0.999999999000)
TSNA: {'status': 'TSNA_ACTIVE', 'resonance': 0.5179796220900958, 'ratio': 3.1}
QSNA: {'status': 'QSNA_ACTIVE', 'resonance': 0.9999999990000001, 'ratio': 4.1}
